Archive member included to satisfy reference by file (symbol)

C:/ST/STM32CubeIDE_1.18.1/STM32CubeIDE/plugins/com.st.stm32cube.ide.mcu.externaltools.gnu-tools-for-stm32.13.3.rel1.win32_1.0.0.202411081344/tools/bin/../lib/gcc/arm-none-eabi/13.3.1/../../../../arm-none-eabi/lib/thumb/v7-m/nofp\libc_nano.a(libc_a-exit.o)
                              C:/ST/STM32CubeIDE_1.18.1/STM32CubeIDE/plugins/com.st.stm32cube.ide.mcu.externaltools.gnu-tools-for-stm32.13.3.rel1.win32_1.0.0.202411081344/tools/bin/../lib/gcc/arm-none-eabi/13.3.1/../../../../arm-none-eabi/lib/thumb/v7-m/nofp/crt0.o (exit)
C:/ST/STM32CubeIDE_1.18.1/STM32CubeIDE/plugins/com.st.stm32cube.ide.mcu.externaltools.gnu-tools-for-stm32.13.3.rel1.win32_1.0.0.202411081344/tools/bin/../lib/gcc/arm-none-eabi/13.3.1/../../../../arm-none-eabi/lib/thumb/v7-m/nofp\libc_nano.a(libc_a-findfp.o)
                              C:/ST/STM32CubeIDE_1.18.1/STM32CubeIDE/plugins/com.st.stm32cube.ide.mcu.externaltools.gnu-tools-for-stm32.13.3.rel1.win32_1.0.0.202411081344/tools/bin/../lib/gcc/arm-none-eabi/13.3.1/../../../../arm-none-eabi/lib/thumb/v7-m/nofp\libc_nano.a(libc_a-exit.o) (__stdio_exit_handler)
C:/ST/STM32CubeIDE_1.18.1/STM32CubeIDE/plugins/com.st.stm32cube.ide.mcu.externaltools.gnu-tools-for-stm32.13.3.rel1.win32_1.0.0.202411081344/tools/bin/../lib/gcc/arm-none-eabi/13.3.1/../../../../arm-none-eabi/lib/thumb/v7-m/nofp\libc_nano.a(libc_a-fwalk.o)
                              C:/ST/STM32CubeIDE_1.18.1/STM32CubeIDE/plugins/com.st.stm32cube.ide.mcu.externaltools.gnu-tools-for-stm32.13.3.rel1.win32_1.0.0.202411081344/tools/bin/../lib/gcc/arm-none-eabi/13.3.1/../../../../arm-none-eabi/lib/thumb/v7-m/nofp\libc_nano.a(libc_a-findfp.o) (_fwalk_sglue)
C:/ST/STM32CubeIDE_1.18.1/STM32CubeIDE/plugins/com.st.stm32cube.ide.mcu.externaltools.gnu-tools-for-stm32.13.3.rel1.win32_1.0.0.202411081344/tools/bin/../lib/gcc/arm-none-eabi/13.3.1/../../../../arm-none-eabi/lib/thumb/v7-m/nofp\libc_nano.a(libc_a-stdio.o)
                              C:/ST/STM32CubeIDE_1.18.1/STM32CubeIDE/plugins/com.st.stm32cube.ide.mcu.externaltools.gnu-tools-for-stm32.13.3.rel1.win32_1.0.0.202411081344/tools/bin/../lib/gcc/arm-none-eabi/13.3.1/../../../../arm-none-eabi/lib/thumb/v7-m/nofp\libc_nano.a(libc_a-findfp.o) (__sread)
C:/ST/STM32CubeIDE_1.18.1/STM32CubeIDE/plugins/com.st.stm32cube.ide.mcu.externaltools.gnu-tools-for-stm32.13.3.rel1.win32_1.0.0.202411081344/tools/bin/../lib/gcc/arm-none-eabi/13.3.1/../../../../arm-none-eabi/lib/thumb/v7-m/nofp\libc_nano.a(libc_a-memset.o)
                              C:/ST/STM32CubeIDE_1.18.1/STM32CubeIDE/plugins/com.st.stm32cube.ide.mcu.externaltools.gnu-tools-for-stm32.13.3.rel1.win32_1.0.0.202411081344/tools/bin/../lib/gcc/arm-none-eabi/13.3.1/../../../../arm-none-eabi/lib/thumb/v7-m/nofp/crt0.o (memset)
C:/ST/STM32CubeIDE_1.18.1/STM32CubeIDE/plugins/com.st.stm32cube.ide.mcu.externaltools.gnu-tools-for-stm32.13.3.rel1.win32_1.0.0.202411081344/tools/bin/../lib/gcc/arm-none-eabi/13.3.1/../../../../arm-none-eabi/lib/thumb/v7-m/nofp\libc_nano.a(libc_a-closer.o)
                              C:/ST/STM32CubeIDE_1.18.1/STM32CubeIDE/plugins/com.st.stm32cube.ide.mcu.externaltools.gnu-tools-for-stm32.13.3.rel1.win32_1.0.0.202411081344/tools/bin/../lib/gcc/arm-none-eabi/13.3.1/../../../../arm-none-eabi/lib/thumb/v7-m/nofp\libc_nano.a(libc_a-stdio.o) (_close_r)
C:/ST/STM32CubeIDE_1.18.1/STM32CubeIDE/plugins/com.st.stm32cube.ide.mcu.externaltools.gnu-tools-for-stm32.13.3.rel1.win32_1.0.0.202411081344/tools/bin/../lib/gcc/arm-none-eabi/13.3.1/../../../../arm-none-eabi/lib/thumb/v7-m/nofp\libc_nano.a(libc_a-reent.o)
                              C:/ST/STM32CubeIDE_1.18.1/STM32CubeIDE/plugins/com.st.stm32cube.ide.mcu.externaltools.gnu-tools-for-stm32.13.3.rel1.win32_1.0.0.202411081344/tools/bin/../lib/gcc/arm-none-eabi/13.3.1/../../../../arm-none-eabi/lib/thumb/v7-m/nofp\libc_nano.a(libc_a-closer.o) (errno)
C:/ST/STM32CubeIDE_1.18.1/STM32CubeIDE/plugins/com.st.stm32cube.ide.mcu.externaltools.gnu-tools-for-stm32.13.3.rel1.win32_1.0.0.202411081344/tools/bin/../lib/gcc/arm-none-eabi/13.3.1/../../../../arm-none-eabi/lib/thumb/v7-m/nofp\libc_nano.a(libc_a-impure.o)
                              C:/ST/STM32CubeIDE_1.18.1/STM32CubeIDE/plugins/com.st.stm32cube.ide.mcu.externaltools.gnu-tools-for-stm32.13.3.rel1.win32_1.0.0.202411081344/tools/bin/../lib/gcc/arm-none-eabi/13.3.1/../../../../arm-none-eabi/lib/thumb/v7-m/nofp\libc_nano.a(libc_a-reent.o) (_impure_ptr)
C:/ST/STM32CubeIDE_1.18.1/STM32CubeIDE/plugins/com.st.stm32cube.ide.mcu.externaltools.gnu-tools-for-stm32.13.3.rel1.win32_1.0.0.202411081344/tools/bin/../lib/gcc/arm-none-eabi/13.3.1/../../../../arm-none-eabi/lib/thumb/v7-m/nofp\libc_nano.a(libc_a-lseekr.o)
[...]
Memory Configuration

Name             Origin             Length             Attributes
RAM              0x20000000         0x00005000         xrw
FLASH            0x08000000         0x00010000         xr
*default*        0x00000000         0xffffffff

Linker script and memory map

LOAD C:/ST/STM32CubeIDE_1.18.1/STM32CubeIDE/plugins/com.st.stm32cube.ide.mcu.externaltools.gnu-tools-for-stm32.13.3.rel1.win32_1.0.0.202411081344/tools/bin/../lib/gcc/arm-none-eabi/13.3.1/thumb/v7-m/nofp/crti.o
LOAD C:/ST/STM32CubeIDE_1.18.1/STM32CubeIDE/plugins/com.st.stm32cube.ide.mcu.externaltools.gnu-tools-for-stm32.13.3.rel1.win32_1.0.0.202411081344/tools/bin/../lib/gcc/arm-none-eabi/13.3.1/thumb/v7-m/nofp/crtbegin.o
LOAD C:/ST/STM32CubeIDE_1.18.1/STM32CubeIDE/plugins/com.st.stm32cube.ide.mcu.externaltools.gnu-tools-for-stm32.13.3.rel1.win32_1.0.0.202411081344/tools/bin/../lib/gcc/arm-none-eabi/13.3.1/../../../../arm-none-eabi/lib/thumb/v7-m/nofp/crt0.o
LOAD ./Core/Src/gpio.o
LOAD ./Core/Src/main.o
LOAD ./Core/Src/nrf24.o
LOAD ./Core/Src/spi.o
LOAD ./Core/Src/stm32f1xx_hal_msp.o
LOAD ./Core/Src/stm32f1xx_it.o
LOAD ./Core/Src/syscalls.o
LOAD ./Core/Src/sysmem.o
LOAD ./Core/Src/system_stm32f1xx.o
LOAD ./Core/Src/tim.o
LOAD ./Core/Startup/startup_stm32f103c8tx.o
LOAD ./Drivers/STM32F1xx_HAL_Driver/Src/stm32f1xx_hal.o
LOAD ./Drivers/STM32F1xx_HAL_Driver/Src/stm32f1xx_hal_cortex.o
LOAD ./Drivers/STM32F1xx_HAL_Driver/Src/stm32f1xx_hal_dma.o
LOAD ./Drivers/STM32F1xx_HAL_Driver/Src/stm32f1xx_hal_exti.o
LOAD ./Drivers/STM32F1xx_HAL_Driver/Src/stm32f1xx_hal_flash.o
LOAD ./Drivers/STM32F1xx_HAL_Driver/Src/stm32f1xx_hal_flash_ex.o
LOAD ./Drivers/STM32F1xx_HAL_Driver/Src/stm32f1xx_hal_gpio.o
LOAD ./Drivers/STM32F1xx_HAL_Driver/Src/stm32f1xx_hal_gpio_ex.o
LOAD ./Drivers/STM32F1xx_HAL_Driver/Src/stm32f1xx_hal_pwr.o
LOAD ./Drivers/STM32F1xx_HAL_Driver/Src/stm32f1xx_hal_rcc.o
LOAD ./Drivers/STM32F1xx_HAL_Driver/Src/stm32f1xx_hal_rcc_ex.o
LOAD ./Drivers/STM32F1xx_HAL_Driver/Src/stm32f1xx_hal_spi.o
LOAD ./Drivers/STM32F1xx_HAL_Driver/Src/stm32f1xx_hal_tim.o
LOAD ./Drivers/STM32F1xx_HAL_Driver/Src/stm32f1xx_hal_tim_ex.o
START GROUP
LOAD C:/ST/STM32CubeIDE_1.18.1/STM32CubeIDE/plugins/com.st.stm32cube.ide.mcu.externaltools.gnu-tools-for-stm32.13.3.rel1.win32_1.0.0.202411081344/tools/bin/../lib/gcc/arm-none-eabi/13.3.1/../../../../arm-none-eabi/lib/thumb/v7-m/nofp\libc_nano.a
LOAD C:/ST/STM32CubeIDE_1.18.1/STM32CubeIDE/plugins/com.st.stm32cube.ide.mcu.externaltools.gnu-tools-for-stm32.13.3.rel1.win32_1.0.0.202411081344/tools/bin/../lib/gcc/arm-none-eabi/13.3.1/../../../../arm-none-eabi/lib/thumb/v7-m/nofp\libm.a
END GROUP
START GROUP
LOAD C:/ST/STM32CubeIDE_1.18.1/STM32CubeIDE/plugins/com.st.stm32cube.ide.mcu.externaltools.gnu-tools-for-stm32.13.3.rel1.win32_1.0.0.202411081344/tools/bin/../lib/gcc/arm-none-eabi/13.3.1/thumb/v7-m/nofp\libgcc.a
LOAD C:/ST/STM32CubeIDE_1.18.1/STM32CubeIDE/plugins/com.st.stm32cube.ide.mcu.externaltools.gnu-tools-for-stm32.13.3.rel1.win32_1.0.0.202411081344/tools/bin/../lib/gcc/arm-none-eabi/13.3.1/../../../../arm-none-eabi/lib/thumb/v7-m/nofp\libc_nano.a
END GROUP
START GROUP
LOAD C:/ST/STM32CubeIDE_1.18.1/STM32CubeIDE/plugins/com.st.stm32cube.ide.mcu.externaltools.gnu-tools-for-stm32.13.3.rel1.win32_1.0.0.202411081344/tools/bin/../lib/gcc/arm-none-eabi/13.3.1/thumb/v7-m/nofp\libgcc.a
LOAD C:/ST/STM32CubeIDE_1.18.1/STM32CubeIDE/plugins/com.st.stm32cube.ide.mcu.externaltools.gnu-tools-for-stm32.13.3.rel1.win32_1.0.0.202411081344/tools/bin/../lib/gcc/arm-none-eabi/13.3.1/../../../../arm-none-eabi/lib/thumb/v7-m/nofp\libc_nano.a
LOAD C:/ST/STM32CubeIDE_1.18.1/STM32CubeIDE/plugins/com.st.stm32cube.ide.mcu.externaltools.gnu-tools-for-stm32.13.3.rel1.win32_1.0.0.202411081344/tools/bin/../lib/gcc/arm-none-eabi/13.3.1/../../../../arm-none-eabi/lib/thumb/v7-m/nofp\libnosys.a
END GROUP
START GROUP
LOAD C:/ST/STM32CubeIDE_1.18.1/STM32CubeIDE/plugins/com.st.stm32cube.ide.mcu.externaltools.gnu-tools-for-stm32.13.3.rel1.win32_1.0.0.202411081344/tools/bin/../lib/gcc/arm-none-eabi/13.3.1/thumb/v7-m/nofp\libgcc.a
LOAD C:/ST/STM32CubeIDE_1.18.1/STM32CubeIDE/plugins/com.st.stm32cube.ide.mcu.externaltools.gnu-tools-for-stm32.13.3.rel1.win32_1.0.0.202411081344/tools/bin/../lib/gcc/arm-none-eabi/13.3.1/../../../../arm-none-eabi/lib/thumb/v7-m/nofp\libc_nano.a
LOAD C:/ST/STM32CubeIDE_1.18.1/STM32CubeIDE/plugins/com.st.stm32cube.ide.mcu.externaltools.gnu-tools-for-stm32.13.3.rel1.win32_1.0.0.202411081344/tools/bin/../lib/gcc/arm-none-eabi/13.3.1/../../../../arm-none-eabi/lib/thumb/v7-m/nofp\libnosys.a
END GROUP
LOAD C:/ST/STM32CubeIDE_1.18.1/STM32CubeIDE/plugins/com.st.stm32cube.ide.mcu.externaltools.gnu-tools-for-stm32.13.3.rel1.win32_1.0.0.202411081344/tools/bin/../lib/gcc/arm-none-eabi/13.3.1/thumb/v7-m/nofp/crtend.o
LOAD C:/ST/STM32CubeIDE_1.18.1/STM32CubeIDE/plugins/com.st.stm32cube.ide.mcu.externaltools.gnu-tools-for-stm32.13.3.rel1.win32_1.0.0.202411081344/tools/bin/../lib/gcc/arm-none-eabi/13.3.1/thumb/v7-m/nofp/crtn.o
                0x20005000                        _estack = (ORIGIN (RAM) + LENGTH (RAM))
                0x00000200                        _Min_Heap_Size = 0x200
                0x00000400                        _Min_Stack_Size = 0x400

.isr_vector     0x08000000      0x10c
                0x08000000                        . = ALIGN (0x4)
 *(.isr_vector)
 .isr_vector    0x08000000      0x10c ./Core/Startup/startup_stm32f103c8tx.o
                0x08000000                g_pfnVectors
                0x0800010c                        . = ALIGN (0x4)

.text           0x0800010c     0x31e0
                0x0800010c                        . = ALIGN (0x4)
 *(.text)
 .text          0x0800010c       0x40 C:/ST/STM32CubeIDE_1.18.1/STM32CubeIDE/plugins/com.st.stm32cube.ide.mcu.externaltools.gnu-tools-for-stm32.13.3.rel1.win32_1.0.0.202411081344/tools/bin/../lib/gcc/arm-none-eabi/13.3.1/thumb/v7-m/nofp/crtbegin.o
 *(.text*)
 .text.MX_GPIO_Init
                0x0800014c       0xc8 ./Core/Src/gpio.o
                0x0800014c                MX_GPIO_Init
 .text.main     0x08000214      0x1a4 ./Core/Src/main.o
                0x08000214                main
 .text.SystemClock_Config
                0x080003b8       0x8a ./Core/Src/main.o
                0x080003b8                SystemClock_Config
 *fill*         0x08000442        0x2 
 .text.HAL_TIM_PeriodElapsedCallback
                0x08000444       0xac ./Core/Src/main.o
                0x08000444                HAL_TIM_PeriodElapsedCallback
 .text.HAL_GPIO_EXTI_Callback
                0x080004f0      0x10c ./Core/Src/main.o
                0x080004f0                HAL_GPIO_EXTI_Callback
 .text.ComputePulseWidth
                0x080005fc       0x4a ./Core/Src/main.o
                0x080005fc                ComputePulseWidth
 .text.Error_Handler
                0x08000646        0xc ./Core/Src/main.o
                0x08000646                Error_Handler
 *fill*         0x08000652        0x2 
 .text.NRF24_CE_H
                0x08000654       0x18 ./Core/Src/nrf24.o
 .text.NRF24_CSN_H
                0x0800066c       0x18 ./Core/Src/nrf24.o
 .text.NRF24_CSN_L
                0x08000684       0x18 ./Core/Src/nrf24.o
 .text.NRF24_WriteReg
                0x0800069c       0x50 ./Core/Src/nrf24.o
                0x0800069c                NRF24_WriteReg
 .text.NRF24_ReadReg
                0x080006ec       0x4c ./Core/Src/nrf24.o
                0x080006ec                NRF24_ReadReg
 .text.NRF24_Init
                0x08000738       0x6a ./Core/Src/nrf24.o
                0x08000738                NRF24_Init
 *fill*         0x080007a2        0x2 
 .text.NRF24_Receive_IT
                0x080007a4       0x8c ./Core/Src/nrf24.o
                0x080007a4                NRF24_Receive_IT
 .text.MX_SPI2_Init
                0x08000830       0x6c ./Core/Src/spi.o
                0x08000830                MX_SPI2_Init
 .text.HAL_SPI_MspInit
                0x0800089c       0x98 ./Core/Src/spi.o
                0x0800089c                HAL_SPI_MspInit
 .text.HAL_MspInit
                0x08000934       0x64 ./Core/Src/stm32f1xx_hal_msp.o
                0x08000934                HAL_MspInit
 .text.NMI_Handler
                0x08000998        0x8 ./Core/Src/stm32f1xx_it.o
                0x08000998                NMI_Handler
 .text.HardFault_Handler
                0x080009a0        0x8 ./Core/Src/stm32f1xx_it.o
                0x080009a0                HardFault_Handler
 .text.MemManage_Handler
                0x080009a8        0x8 ./Core/Src/stm32f1xx_it.o
                0x080009a8                MemManage_Handler
 .text.BusFault_Handler
                0x080009b0        0x8 ./Core/Src/stm32f1xx_it.o
                0x080009b0                BusFault_Handler
 .text.UsageFault_Handler
                0x080009b8        0x8 ./Core/Src/stm32f1xx_it.o
                0x080009b8                UsageFault_Handler
 .text.SVC_Handler
                0x080009c0        0xc ./Core/Src/stm32f1xx_it.o
                0x080009c0                SVC_Handler
 .text.DebugMon_Handler
                0x080009cc        0xc ./Core/Src/stm32f1xx_it.o
                0x080009cc                DebugMon_Handler
 .text.PendSV_Handler
                0x080009d8        0xc ./Core/Src/stm32f1xx_it.o
                0x080009d8                PendSV_Handler
 .text.SysTick_Handler
                0x080009e4        0xc ./Core/Src/stm32f1xx_it.o
                0x080009e4                SysTick_Handler
 .text.TIM2_IRQHandler
                0x080009f0       0x14 ./Core/Src/stm32f1xx_it.o
                0x080009f0                TIM2_IRQHandler
 .text.TIM3_IRQHandler
                0x08000a04       0x14 ./Core/Src/stm32f1xx_it.o
                0x08000a04                TIM3_IRQHandler
 .text.EXTI15_10_IRQHandler
                0x08000a18       0x10 ./Core/Src/stm32f1xx_it.o
                0x08000a18                EXTI15_10_IRQHandler
 .text.SystemInit
                0x08000a28        0xc ./Core/Src/system_stm32f1xx.o
                0x08000a28                SystemInit
 .text.MX_TIM2_Init
                0x08000a34       0x98 ./Core/Src/tim.o
                0x08000a34                MX_TIM2_Init
 .text.MX_TIM3_Init
                0x08000acc       0xf4 ./Core/Src/tim.o
                0x08000acc                MX_TIM3_Init
 .text.HAL_TIM_Base_MspInit
                0x08000bc0       0x48 ./Core/Src/tim.o
                0x08000bc0                HAL_TIM_Base_MspInit
 .text.HAL_TIM_PWM_MspInit
                0x08000c08       0x4c ./Core/Src/tim.o
                0x08000c08                HAL_TIM_PWM_MspInit
 .text.HAL_TIM_MspPostInit
                0x08000c54       0x98 ./Core/Src/tim.o
                0x08000c54                HAL_TIM_MspPostInit
 .text.Reset_Handler
                0x08000cec       0x48 ./Core/Startup/startup_stm32f103c8tx.o
                0x08000cec                Reset_Handler
 .text.Default_Handler
                0x08000d34        0x2 ./Core/Startup/startup_stm32f103c8tx.o
                0x08000d34                RTC_Alarm_IRQHandler
                0x08000d34                EXTI2_IRQHandler
                0x08000d34                TIM1_CC_IRQHandler
                0x08000d34                PVD_IRQHandler
                0x08000d34                EXTI3_IRQHandler
                0x08000d34                EXTI0_IRQHandler
                0x08000d34                I2C2_EV_IRQHandler
                0x08000d34                ADC1_2_IRQHandler
                0x08000d34                SPI1_IRQHandler
                0x08000d34                TAMPER_IRQHandler
                0x08000d34                DMA1_Channel4_IRQHandler
                0x08000d34                USART3_IRQHandler
                0x08000d34                RTC_IRQHandler
                0x08000d34                DMA1_Channel7_IRQHandler
                0x08000d34                CAN1_RX1_IRQHandler
                0x08000d34                TIM4_IRQHandler
                0x08000d34                I2C1_EV_IRQHandler
                0x08000d34                DMA1_Channel6_IRQHandler
                0x08000d34                RCC_IRQHandler
                0x08000d34                TIM1_TRG_COM_IRQHandler
                0x08000d34                DMA1_Channel1_IRQHandler
                0x08000d34                Default_Handler
                0x08000d34                EXTI9_5_IRQHandler
                0x08000d34                SPI2_IRQHandler
                0x08000d34                DMA1_Channel5_IRQHandler
                0x08000d34                EXTI4_IRQHandler
                0x08000d34                USB_LP_CAN1_RX0_IRQHandler
                0x08000d34                USB_HP_CAN1_TX_IRQHandler
                0x08000d34                DMA1_Channel3_IRQHandler
                0x08000d34                TIM1_UP_IRQHandler
                0x08000d34                WWDG_IRQHandler
                0x08000d34                TIM1_BRK_IRQHandler
                0x08000d34                EXTI1_IRQHandler
                0x08000d34                USART2_IRQHandler
                0x08000d34                I2C2_ER_IRQHandler
                0x08000d34                DMA1_Channel2_IRQHandler
                0x08000d34                CAN1_SCE_IRQHandler
                0x08000d34                FLASH_IRQHandler
                0x08000d34                USART1_IRQHandler
                0x08000d34                I2C1_ER_IRQHandler
                0x08000d34                USBWakeUp_IRQHandler
 *fill*         0x08000d36        0x2 
 .text.HAL_Init
                0x08000d38       0x2c ./Drivers/STM32F1xx_HAL_Driver/Src/stm32f1xx_hal.o
                0x08000d38                HAL_Init
 .text.HAL_InitTick
                0x08000d64       0x60 ./Drivers/STM32F1xx_HAL_Driver/Src/stm32f1xx_hal.o
                0x08000d64                HAL_InitTick
 .text.HAL_IncTick
                0x08000dc4       0x24 ./Drivers/STM32F1xx_HAL_Driver/Src/stm32f1xx_hal.o
                0x08000dc4                HAL_IncTick
 .text.HAL_GetTick
                0x08000de8       0x14 ./Drivers/STM32F1xx_HAL_Driver/Src/stm32f1xx_hal.o
                0x08000de8                HAL_GetTick
 .text.HAL_Delay
                0x08000dfc       0x48 ./Drivers/STM32F1xx_HAL_Driver/Src/stm32f1xx_hal.o
                0x08000dfc                HAL_Delay
 .text.__NVIC_SetPriorityGrouping
                0x08000e44       0x48 ./Drivers/STM32F1xx_HAL_Driver/Src/stm32f1xx_hal_cortex.o
 .text.__NVIC_GetPriorityGrouping
                0x08000e8c       0x1c ./Drivers/STM32F1xx_HAL_Driver/Src/stm32f1xx_hal_cortex.o
 .text.__NVIC_EnableIRQ
                0x08000ea8       0x38 ./Drivers/STM32F1xx_HAL_Driver/Src/stm32f1xx_hal_cortex.o
 .text.__NVIC_SetPriority
                0x08000ee0       0x54 ./Drivers/STM32F1xx_HAL_Driver/Src/stm32f1xx_hal_cortex.o
 .text.NVIC_EncodePriority
                0x08000f34       0x64 ./Drivers/STM32F1xx_HAL_Driver/Src/stm32f1xx_hal_cortex.o
 .text.SysTick_Config
                0x08000f98       0x44 ./Drivers/STM32F1xx_HAL_Driver/Src/stm32f1xx_hal_cortex.o
 .text.HAL_NVIC_SetPriorityGrouping
                0x08000fdc       0x16 ./Drivers/STM32F1xx_HAL_Driver/Src/stm32f1xx_hal_cortex.o
                0x08000fdc                HAL_NVIC_SetPriorityGrouping
 .text.HAL_NVIC_SetPriority
                0x08000ff2       0x38 ./Drivers/STM32F1xx_HAL_Driver/Src/stm32f1xx_hal_cortex.o
                0x08000ff2                HAL_NVIC_SetPriority
 .text.HAL_NVIC_EnableIRQ
                0x0800102a       0x1c ./Drivers/STM32F1xx_HAL_Driver/Src/stm32f1xx_hal_cortex.o
                0x0800102a                HAL_NVIC_EnableIRQ
 .text.HAL_SYSTICK_Config
                0x08001046       0x18 ./Drivers/STM32F1xx_HAL_Driver/Src/stm32f1xx_hal_cortex.o
                0x08001046                HAL_SYSTICK_Config
 *fill*         0x0800105e        0x2 
 .text.HAL_GPIO_Init
                0x08001060      0x308 ./Drivers/STM32F1xx_HAL_Driver/Src/stm32f1xx_hal_gpio.o
                0x08001060                HAL_GPIO_Init
 .text.HAL_GPIO_WritePin
                0x08001368       0x30 ./Drivers/STM32F1xx_HAL_Driver/Src/stm32f1xx_hal_gpio.o
                0x08001368                HAL_GPIO_WritePin
 .text.HAL_GPIO_EXTI_IRQHandler
                0x08001398       0x30 ./Drivers/STM32F1xx_HAL_Driver/Src/stm32f1xx_hal_gpio.o
                0x08001398                HAL_GPIO_EXTI_IRQHandler
 .text.HAL_RCC_OscConfig
                0x080013c8      0x504 ./Drivers/STM32F1xx_HAL_Driver/Src/stm32f1xx_hal_rcc.o
                0x080013c8                HAL_RCC_OscConfig
 .text.HAL_RCC_ClockConfig
                0x080018cc      0x1d4 ./Drivers/STM32F1xx_HAL_Driver/Src/stm32f1xx_hal_rcc.o
                0x080018cc                HAL_RCC_ClockConfig
 .text.HAL_RCC_GetSysClockFreq
                0x08001aa0       0xa8 ./Drivers/STM32F1xx_HAL_Driver/Src/stm32f1xx_hal_rcc.o
                0x08001aa0                HAL_RCC_GetSysClockFreq
 .text.RCC_Delay
                0x08001b48       0x3c ./Drivers/STM32F1xx_HAL_Driver/Src/stm32f1xx_hal_rcc.o
 .text.HAL_SPI_Init
                0x08001b84      0x108 ./Drivers/STM32F1xx_HAL_Driver/Src/stm32f1xx_hal_spi.o
                0x08001b84                HAL_SPI_Init
 .text.HAL_SPI_Transmit
                0x08001c8c      0x288 ./Drivers/STM32F1xx_HAL_Driver/Src/stm32f1xx_hal_spi.o
                0x08001c8c                HAL_SPI_Transmit
 .text.HAL_SPI_TransmitReceive
                0x08001f14      0x352 ./Drivers/STM32F1xx_HAL_Driver/Src/stm32f1xx_hal_spi.o
                0x08001f14                HAL_SPI_TransmitReceive
 *fill*         0x08002266        0x2 
 .text.SPI_WaitFlagStateUntilTimeout
                0x08002268      0x110 ./Drivers/STM32F1xx_HAL_Driver/Src/stm32f1xx_hal_spi.o
 .text.SPI_EndRxTxTransaction
                0x08002378       0x62 ./Drivers/STM32F1xx_HAL_Driver/Src/stm32f1xx_hal_spi.o
 .text.HAL_TIM_Base_Init
                0x080023da       0x9e ./Drivers/STM32F1xx_HAL_Driver/Src/stm32f1xx_hal_tim.o
                0x080023da                HAL_TIM_Base_Init
 .text.HAL_TIM_Base_Start_IT
                0x08002478       0xa4 ./Drivers/STM32F1xx_HAL_Driver/Src/stm32f1xx_hal_tim.o
                0x08002478                HAL_TIM_Base_Start_IT
 .text.HAL_TIM_PWM_Init
                0x0800251c       0x9e ./Drivers/STM32F1xx_HAL_Driver/Src/stm32f1xx_hal_tim.o
                0x0800251c                HAL_TIM_PWM_Init
 *fill*         0x080025ba        0x2 
 .text.HAL_TIM_PWM_Start
                0x080025bc      0x144 ./Drivers/STM32F1xx_HAL_Driver/Src/stm32f1xx_hal_tim.o
                0x080025bc                HAL_TIM_PWM_Start
 .text.HAL_TIM_IRQHandler
                0x08002700      0x1e0 ./Drivers/STM32F1xx_HAL_Driver/Src/stm32f1xx_hal_tim.o
                0x08002700                HAL_TIM_IRQHandler
 .text.HAL_TIM_PWM_ConfigChannel
                0x080028e0      0x184 ./Drivers/STM32F1xx_HAL_Driver/Src/stm32f1xx_hal_tim.o
                0x080028e0                HAL_TIM_PWM_ConfigChannel
 .text.HAL_TIM_ConfigClockSource
                0x08002a64      0x18e ./Drivers/STM32F1xx_HAL_Driver/Src/stm32f1xx_hal_tim.o
                0x08002a64                HAL_TIM_ConfigClockSource
 .text.HAL_TIM_OC_DelayElapsedCallback
                0x08002bf2       0x12 ./Drivers/STM32F1xx_HAL_Driver/Src/stm32f1xx_hal_tim.o
                0x08002bf2                HAL_TIM_OC_DelayElapsedCallback
 .text.HAL_TIM_IC_CaptureCallback
                0x08002c04       0x12 ./Drivers/STM32F1xx_HAL_Driver/Src/stm32f1xx_hal_tim.o
                0x08002c04                HAL_TIM_IC_CaptureCallback
 .text.HAL_TIM_PWM_PulseFinishedCallback
                0x08002c16       0x12 ./Drivers/STM32F1xx_HAL_Driver/Src/stm32f1xx_hal_tim.o
                0x08002c16                HAL_TIM_PWM_PulseFinishedCallback
 .text.HAL_TIM_TriggerCallback
                0x08002c28       0x12 ./Drivers/STM32F1xx_HAL_Driver/Src/stm32f1xx_hal_tim.o
                0x08002c28                HAL_TIM_TriggerCallback
 *fill*         0x08002c3a        0x2 
 .text.TIM_Base_SetConfig
                0x08002c3c       0xdc ./Drivers/STM32F1xx_HAL_Driver/Src/stm32f1xx_hal_tim.o
                0x08002c3c                TIM_Base_SetConfig
 .text.TIM_OC1_SetConfig
                0x08002d18       0xcc ./Drivers/STM32F1xx_HAL_Driver/Src/stm32f1xx_hal_tim.o
 .text.TIM_OC2_SetConfig
                0x08002de4       0xd4 ./Drivers/STM32F1xx_HAL_Driver/Src/stm32f1xx_hal_tim.o
                0x08002de4                TIM_OC2_SetConfig
 .text.TIM_OC3_SetConfig
                0x08002eb8       0xd4 ./Drivers/STM32F1xx_HAL_Driver/Src/stm32f1xx_hal_tim.o
 .text.TIM_OC4_SetConfig
                0x08002f8c       0x9c ./Drivers/STM32F1xx_HAL_Driver/Src/stm32f1xx_hal_tim.o
 .text.TIM_TI1_ConfigInputStage
                0x08003028       0x5c ./Drivers/STM32F1xx_HAL_Driver/Src/stm32f1xx_hal_tim.o
 .text.TIM_TI2_ConfigInputStage
                0x08003084       0x5e ./Drivers/STM32F1xx_HAL_Driver/Src/stm32f1xx_hal_tim.o
 .text.TIM_ITRx_SetConfig
                0x080030e2       0x34 ./Drivers/STM32F1xx_HAL_Driver/Src/stm32f1xx_hal_tim.o
 .text.TIM_ETR_SetConfig
                0x08003116       0x3e ./Drivers/STM32F1xx_HAL_Driver/Src/stm32f1xx_hal_tim.o
                0x08003116                TIM_ETR_SetConfig
 .text.TIM_CCxChannelCmd
                0x08003154       0x48 ./Drivers/STM32F1xx_HAL_Driver/Src/stm32f1xx_hal_tim.o
                0x08003154                TIM_CCxChannelCmd
 .text.HAL_TIMEx_MasterConfigSynchronization
                0x0800319c       0xbc ./Drivers/STM32F1xx_HAL_Driver/Src/stm32f1xx_hal_tim_ex.o
                0x0800319c                HAL_TIMEx_MasterConfigSynchronization
 .text.HAL_TIMEx_CommutCallback
                0x08003258       0x12 ./Drivers/STM32F1xx_HAL_Driver/Src/stm32f1xx_hal_tim_ex.o
                0x08003258                HAL_TIMEx_CommutCallback
 .text.HAL_TIMEx_BreakCallback
                0x0800326a       0x12 ./Drivers/STM32F1xx_HAL_Driver/Src/stm32f1xx_hal_tim_ex.o
                0x0800326a                HAL_TIMEx_BreakCallback
 .text.memset   0x0800327c       0x10 C:/ST/STM32CubeIDE_1.18.1/STM32CubeIDE/plugins/com.st.stm32cube.ide.mcu.externaltools.gnu-tools-for-stm32.13.3.rel1.win32_1.0.0.202411081344/tools/bin/../lib/gcc/arm-none-eabi/13.3.1/../../../../arm-none-eabi/lib/thumb/v7-m/nofp\libc_nano.a(libc_a-memset.o)
                0x0800327c                memset
 .text.__libc_init_array
                0x0800328c       0x48 C:/ST/STM32CubeIDE_1.18.1/STM32CubeIDE/plugins/com.st.stm32cube.ide.mcu.externaltools.gnu-tools-for-stm32.13.3.rel1.win32_1.0.0.202411081344/tools/bin/../lib/gcc/arm-none-eabi/13.3.1/../../../../arm-none-eabi/lib/thumb/v7-m/nofp\libc_nano.a(libc_a-init.o)
                0x0800328c                __libc_init_array
 *(.glue_7)
 .glue_7        0x080032d4        0x0 linker stubs
 *(.glue_7t)
 .glue_7t       0x080032d4        0x0 linker stubs
 *(.eh_frame)
 .eh_frame      0x080032d4        0x0 C:/ST/STM32CubeIDE_1.18.1/STM32CubeIDE/plugins/com.st.stm32cube.ide.mcu.externaltools.gnu-tools-for-stm32.13.3.rel1.win32_1.0.0.202411081344/tools/bin/../lib/gcc/arm-none-eabi/13.3.1/thumb/v7-m/nofp/crtbegin.o
 *(.init)
 .init          0x080032d4        0x4 C:/ST/STM32CubeIDE_1.18.1/STM32CubeIDE/plugins/com.st.stm32cube.ide.mcu.externaltools.gnu-tools-for-stm32.13.3.rel1.win32_1.0.0.202411081344/tools/bin/../lib/gcc/arm-none-eabi/13.3.1/thumb/v7-m/nofp/crti.o
                0x080032d4                _init
 .init          0x080032d8        0x8 C:/ST/STM32CubeIDE_1.18.1/STM32CubeIDE/plugins/com.st.stm32cube.ide.mcu.externaltools.gnu-tools-for-stm32.13.3.rel1.win32_1.0.0.202411081344/tools/bin/../lib/gcc/arm-none-eabi/13.3.1/thumb/v7-m/nofp/crtn.o
 *(.fini)
 .fini          0x080032e0        0x4 C:/ST/STM32CubeIDE_1.18.1/STM32CubeIDE/plugins/com.st.stm32cube.ide.mcu.externaltools.gnu-tools-for-stm32.13.3.rel1.win32_1.0.0.202411081344/tools/bin/../lib/gcc/arm-none-eabi/13.3.1/thumb/v7-m/nofp/crti.o
                0x080032e0                _fini
 .fini          0x080032e4        0x8 C:/ST/STM32CubeIDE_1.18.1/STM32CubeIDE/plugins/com.st.stm32cube.ide.mcu.externaltools.gnu-tools-for-stm32.13.3.rel1.win32_1.0.0.202411081344/tools/bin/../lib/gcc/arm-none-eabi/13.3.1/thumb/v7-m/nofp/crtn.o
                0x080032ec                        . = ALIGN (0x4)
                0x080032ec                        _etext = .

.vfp11_veneer   0x080032ec        0x0
 .vfp11_veneer  0x080032ec        0x0 linker stubs

.v4_bx          0x080032ec        0x0
 .v4_bx         0x080032ec        0x0 linker stubs

.iplt           0x080032ec        0x0
 .iplt          0x080032ec        0x0 C:/ST/STM32CubeIDE_1.18.1/STM32CubeIDE/plugins/com.st.stm32cube.ide.mcu.externaltools.gnu-tools-for-stm32.13.3.rel1.win32_1.0.0.202411081344/tools/bin/../lib/gcc/arm-none-eabi/13.3.1/thumb/v7-m/nofp/crtbegin.o

.rodata         0x080032ec       0x24
                0x080032ec                        . = ALIGN (0x4)
 *(.rodata)
 *(.rodata*)
 .rodata.AHBPrescTable
                0x080032ec       0x10 ./Core/Src/system_stm32f1xx.o
                0x080032ec                AHBPrescTable
 .rodata.aPLLMULFactorTable.1
                0x080032fc       0x10 ./Drivers/STM32F1xx_HAL_Driver/Src/stm32f1xx_hal_rcc.o
 .rodata.aPredivFactorTable.0
                0x0800330c        0x2 ./Drivers/STM32F1xx_HAL_Driver/Src/stm32f1xx_hal_rcc.o
                0x08003310                        . = ALIGN (0x4)
 *fill*         0x0800330e        0x2 

.ARM.extab      0x08003310        0x0
                0x08003310                        . = ALIGN (0x4)
 *(.ARM.extab* .gnu.linkonce.armextab.*)
                0x08003310                        . = ALIGN (0x4)

.ARM            0x08003310        0x0
                0x08003310                        . = ALIGN (0x4)
                0x08003310                        __exidx_start = .
 *(.ARM.exidx*)
                0x08003310                        __exidx_end = .
                0x08003310                        . = ALIGN (0x4)

.preinit_array  0x08003310        0x0
                0x08003310                        . = ALIGN (0x4)
                0x08003310                        PROVIDE (__preinit_array_start = .)
 *(.preinit_array*)
                0x08003310                        PROVIDE (__preinit_array_end = .)
                0x08003310                        . = ALIGN (0x4)

.init_array     0x08003310        0x4
                0x08003310                        . = ALIGN (0x4)
                0x08003310                        PROVIDE (__init_array_start = .)
 *(SORT_BY_NAME(.init_array.*))
 *(.init_array*)
 .init_array    0x08003310        0x4 C:/ST/STM32CubeIDE_1.18.1/STM32CubeIDE/plugins/com.st.stm32cube.ide.mcu.externaltools.gnu-tools-for-stm32.13.3.rel1.win32_1.0.0.202411081344/tools/bin/../lib/gcc/arm-none-eabi/13.3.1/thumb/v7-m/nofp/crtbegin.o
                0x08003314                        PROVIDE (__init_array_end = .)
                0x08003314                        . = ALIGN (0x4)

.fini_array     0x08003314        0x4
                0x08003314                        . = ALIGN (0x4)
                [!provide]                        PROVIDE (__fini_array_start = .)
 *(SORT_BY_NAME(.fini_array.*))
 *(.fini_array*)
 .fini_array    0x08003314        0x4 C:/ST/STM32CubeIDE_1.18.1/STM32CubeIDE/plugins/com.st.stm32cube.ide.mcu.externaltools.gnu-tools-for-stm32.13.3.rel1.win32_1.0.0.202411081344/tools/bin/../lib/gcc/arm-none-eabi/13.3.1/thumb/v7-m/nofp/crtbegin.o
                [!provide]                        PROVIDE (__fini_array_end = .)
                0x08003318                        . = ALIGN (0x4)
                0x08003318                        _sidata = LOADADDR (.data)

.rel.dyn        0x08003318        0x0
 .rel.iplt      0x08003318        0x0 C:/ST/STM32CubeIDE_1.18.1/STM32CubeIDE/plugins/com.st.stm32cube.ide.mcu.externaltools.gnu-tools-for-stm32.13.3.rel1.win32_1.0.0.202411081344/tools/bin/../lib/gcc/arm-none-eabi/13.3.1/thumb/v7-m/nofp/crtbegin.o

.data           0x20000000        0xc load address 0x08003318
                0x20000000                        . = ALIGN (0x4)
                0x20000000                        _sdata = .
 *(.data)
 *(.data*)
 .data.SystemCoreClock
                0x20000000        0x4 ./Core/Src/system_stm32f1xx.o
                0x20000000                SystemCoreClock
 .data.uwTickPrio
                0x20000004        0x4 ./Drivers/STM32F1xx_HAL_Driver/Src/stm32f1xx_hal.o
                0x20000004                uwTickPrio
 .data.uwTickFreq
                0x20000008        0x1 ./Drivers/STM32F1xx_HAL_Driver/Src/stm32f1xx_hal.o
                0x20000008                uwTickFreq
 *(.RamFunc)
 *(.RamFunc*)
                0x2000000c                        . = ALIGN (0x4)
 *fill*         0x20000009        0x3 
                0x2000000c                        _edata = .

.igot.plt       0x2000000c        0x0 load address 0x08003324
 .igot.plt      0x2000000c        0x0 C:/ST/STM32CubeIDE_1.18.1/STM32CubeIDE/plugins/com.st.stm32cube.ide.mcu.externaltools.gnu-tools-for-stm32.13.3.rel1.win32_1.0.0.202411081344/tools/bin/../lib/gcc/arm-none-eabi/13.3.1/thumb/v7-m/nofp/crtbegin.o
                0x2000000c                        . = ALIGN (0x4)

.bss            0x2000000c      0x17c load address 0x08003324
                0x2000000c                        _sbss = .
                0x2000000c                        __bss_start__ = _sbss
 *(.bss)
 .bss           0x2000000c       0x1c C:/ST/STM32CubeIDE_1.18.1/STM32CubeIDE/plugins/com.st.stm32cube.ide.mcu.externaltools.gnu-tools-for-stm32.13.3.rel1.win32_1.0.0.202411081344/tools/bin/../lib/gcc/arm-none-eabi/13.3.1/thumb/v7-m/nofp/crtbegin.o
 *(.bss*)
 .bss.rxSerialized
                0x20000028       0x20 ./Core/Src/main.o
 .bss.time      0x20000048        0x4 ./Core/Src/main.o
 .bss.lastTick  0x2000004c        0x4 ./Core/Src/main.o
 .bss.packets_received
                0x20000050        0x4 ./Core/Src/main.o
 .bss.spiTxBuf  0x20000054       0x21 ./Core/Src/nrf24.o
 *fill*         0x20000075        0x3 
 .bss.spiRxBuf  0x20000078       0x21 ./Core/Src/nrf24.o
 .bss.nrf24_rx_done
                0x20000099        0x1 ./Core/Src/nrf24.o
                0x20000099                nrf24_rx_done
 *fill*         0x2000009a        0x2 
 .bss.hspi2     0x2000009c       0x58 ./Core/Src/spi.o
                0x2000009c                hspi2
 .bss.htim2     0x200000f4       0x48 ./Core/Src/tim.o
                0x200000f4                htim2
 .bss.htim3     0x2000013c       0x48 ./Core/Src/tim.o
                0x2000013c                htim3
 .bss.uwTick    0x20000184        0x4 ./Drivers/STM32F1xx_HAL_Driver/Src/stm32f1xx_hal.o
                0x20000184                uwTick
 *(COMMON)
                0x20000188                        . = ALIGN (0x4)
                0x20000188                        _ebss = .
                0x20000188                        __bss_end__ = _ebss

._user_heap_stack
                0x20000188      0x600 load address 0x08003324
                0x20000188                        . = ALIGN (0x8)
                [!provide]                        PROVIDE (end = .)
                0x20000188                        PROVIDE (_end = .)
                0x20000388                        . = (. + _Min_Heap_Size)
 *fill*         0x20000188      0x200 
                0x20000788                        . = (. + _Min_Stack_Size)
 *fill*         0x20000388      0x400 
                0x20000788                        . = ALIGN (0x8)

/DISCARD/
 libc.a(*)
 libm.a(*)
 libgcc.a(*)

.ARM.attributes
                0x00000000       0x29
 *(.ARM.attributes)
 .ARM.attributes
                0x00000000       0x1d C:/ST/STM32CubeIDE_1.18.1/STM32CubeIDE/plugins/com.st.stm32cube.ide.mcu.externaltools.gnu-tools-for-stm32.13.3.rel1.win32_1.0.0.202411081344/tools/bin/../lib/gcc/arm-none-eabi/13.3.1/thumb/v7-m/nofp/crti.o
 .ARM.attributes
                0x0000001d       0x2d C:/ST/STM32CubeIDE_1.18.1/STM32CubeIDE/plugins/com.st.stm32cube.ide.mcu.externaltools.gnu-tools-for-stm32.13.3.rel1.win32_1.0.0.202411081344/tools/bin/../lib/gcc/arm-none-eabi/13.3.1/thumb/v7-m/nofp/crtbegin.o
 .ARM.attributes
                0x0000004a       0x2d ./Core/Src/gpio.o
 .ARM.attributes
                0x00000077       0x2d ./Core/Src/main.o
 .ARM.attributes
                0x000000a4       0x2d ./Core/Src/nrf24.o
 .ARM.attributes
                0x000000d1       0x2d ./Core/Src/spi.o
 .ARM.attributes
                0x000000fe       0x2d ./Core/Src/stm32f1xx_hal_msp.o
 .ARM.attributes
                0x0000012b       0x2d ./Core/Src/stm32f1xx_it.o
 .ARM.attributes
                0x00000158       0x2d ./Core/Src/system_stm32f1xx.o
 .ARM.attributes
                0x00000185       0x2d ./Core/Src/tim.o
 .ARM.attributes
                0x000001b2       0x21 ./Core/Startup/startup_stm32f103c8tx.o
 .ARM.attributes
                0x000001d3       0x2d ./Drivers/STM32F1xx_HAL_Driver/Src/stm32f1xx_hal.o
 .ARM.attributes
                0x00000200       0x2d ./Drivers/STM32F1xx_HAL_Driver/Src/stm32f1xx_hal_cortex.o
 .ARM.attributes
                0x0000022d       0x2d ./Drivers/STM32F1xx_HAL_Driver/Src/stm32f1xx_hal_gpio.o
 .ARM.attributes
                0x0000025a       0x2d ./Drivers/STM32F1xx_HAL_Driver/Src/stm32f1xx_hal_rcc.o
 .ARM.attributes
                0x00000287       0x2d ./Drivers/STM32F1xx_HAL_Driver/Src/stm32f1xx_hal_spi.o
 .ARM.attributes
                0x000002b4       0x2d ./Drivers/STM32F1xx_HAL_Driver/Src/stm32f1xx_hal_tim.o
 .ARM.attributes
                0x000002e1       0x2d ./Drivers/STM32F1xx_HAL_Driver/Src/stm32f1xx_hal_tim_ex.o
 .ARM.attributes
                0x0000030e       0x2d C:/ST/STM32CubeIDE_1.18.1/STM32CubeIDE/plugins/com.st.stm32cube.ide.mcu.externaltools.gnu-tools-for-stm32.13.3.rel1.win32_1.0.0.202411081344/tools/bin/../lib/gcc/arm-none-eabi/13.3.1/../../../../arm-none-eabi/lib/thumb/v7-m/nofp\libc_nano.a(libc_a-memset.o)
 .ARM.attributes
                0x0000033b       0x2d C:/ST/STM32CubeIDE_1.18.1/STM32CubeIDE/plugins/com.st.stm32cube.ide.mcu.externaltools.gnu-tools-for-stm32.13.3.rel1.win32_1.0.0.202411081344/tools/bin/../lib/gcc/arm-none-eabi/13.3.1/../../../../arm-none-eabi/lib/thumb/v7-m/nofp\libc_nano.a(libc_a-init.o)
 .ARM.attributes
                0x00000368       0x1d C:/ST/STM32CubeIDE_1.18.1/STM32CubeIDE/plugins/com.st.stm32cube.ide.mcu.externaltools.gnu-tools-for-stm32.13.3.rel1.win32_1.0.0.202411081344/tools/bin/../lib/gcc/arm-none-eabi/13.3.1/thumb/v7-m/nofp/crtn.o
OUTPUT(nrf24_receiver.elf elf32-littlearm)
LOAD linker stubs
LOAD C:/ST/STM32CubeIDE_1.18.1/STM32CubeIDE/plugins/com.st.stm32cube.ide.mcu.externaltools.gnu-tools-for-stm32.13.3.rel1.win32_1.0.0.202411081344/tools/bin/../lib/gcc/arm-none-eabi/13.3.1/../../../../arm-none-eabi/lib/thumb/v7-m/nofp\libc.a
LOAD C:/ST/STM32CubeIDE_1.18.1/STM32CubeIDE/plugins/com.st.stm32cube.ide.mcu.externaltools.gnu-tools-for-stm32.13.3.rel1.win32_1.0.0.202411081344/tools/bin/../lib/gcc/arm-none-eabi/13.3.1/../../../../arm-none-eabi/lib/thumb/v7-m/nofp\libm.a
LOAD C:/ST/STM32CubeIDE_1.18.1/STM32CubeIDE/plugins/com.st.stm32cube.ide.mcu.externaltools.gnu-tools-for-stm32.13.3.rel1.win32_1.0.0.202411081344/tools/bin/../lib/gcc/arm-none-eabi/13.3.1/thumb/v7-m/nofp\libgcc.a

.debug_info     0x00000000     0xa828
 .debug_info    0x00000000      0x432 ./Core/Src/gpio.o
 .debug_info    0x00000432      0xb46 ./Core/Src/main.o
 .debug_info    0x00000f78      0x832 ./Core/Src/nrf24.o
 .debug_info    0x000017aa      0x7bc ./Core/Src/spi.o
 .debug_info    0x00001f66      0x1f1 ./Core/Src/stm32f1xx_hal_msp.o
 .debug_info    0x00002157      0x6f3 ./Core/Src/stm32f1xx_it.o
 .debug_info    0x0000284a      0x222 ./Core/Src/system_stm32f1xx.o
 .debug_info    0x00002a6c      0xc60 ./Core/Src/tim.o
 .debug_info    0x000036cc       0x30 ./Core/Startup/startup_stm32f103c8tx.o
 .debug_info    0x000036fc      0x704 ./Drivers/STM32F1xx_HAL_Driver/Src/stm32f1xx_hal.o
 .debug_info    0x00003e00      0xa87 ./Drivers/STM32F1xx_HAL_Driver/Src/stm32f1xx_hal_cortex.o
 .debug_info    0x00004887      0x5ab ./Drivers/STM32F1xx_HAL_Driver/Src/stm32f1xx_hal_gpio.o
 .debug_info    0x00004e32      0x7d5 ./Drivers/STM32F1xx_HAL_Driver/Src/stm32f1xx_hal_rcc.o
 .debug_info    0x00005607     0x142d ./Drivers/STM32F1xx_HAL_Driver/Src/stm32f1xx_hal_spi.o
 .debug_info    0x00006a34     0x2959 ./Drivers/STM32F1xx_HAL_Driver/Src/stm32f1xx_hal_tim.o
 .debug_info    0x0000938d     0x149b ./Drivers/STM32F1xx_HAL_Driver/Src/stm32f1xx_hal_tim_ex.o

.debug_abbrev   0x00000000     0x1f45
 .debug_abbrev  0x00000000      0x161 ./Core/Src/gpio.o
 .debug_abbrev  0x00000161      0x2a7 ./Core/Src/main.o
 .debug_abbrev  0x00000408      0x244 ./Core/Src/nrf24.o
 .debug_abbrev  0x0000064c      0x1e7 ./Core/Src/spi.o
 .debug_abbrev  0x00000833       0xdb ./Core/Src/stm32f1xx_hal_msp.o
 .debug_abbrev  0x0000090e      0x1a8 ./Core/Src/stm32f1xx_it.o
 .debug_abbrev  0x00000ab6      0x13f ./Core/Src/system_stm32f1xx.o
 .debug_abbrev  0x00000bf5      0x243 ./Core/Src/tim.o
 .debug_abbrev  0x00000e38       0x24 ./Core/Startup/startup_stm32f103c8tx.o
 .debug_abbrev  0x00000e5c      0x201 ./Drivers/STM32F1xx_HAL_Driver/Src/stm32f1xx_hal.o
 .debug_abbrev  0x0000105d      0x2f8 ./Drivers/STM32F1xx_HAL_Driver/Src/stm32f1xx_hal_cortex.o
 .debug_abbrev  0x00001355      0x1ca ./Drivers/STM32F1xx_HAL_Driver/Src/stm32f1xx_hal_gpio.o
 .debug_abbrev  0x0000151f      0x2b3 ./Drivers/STM32F1xx_HAL_Driver/Src/stm32f1xx_hal_rcc.o
 .debug_abbrev  0x000017d2      0x27a ./Drivers/STM32F1xx_HAL_Driver/Src/stm32f1xx_hal_spi.o
 .debug_abbrev  0x00001a4c      0x277 ./Drivers/STM32F1xx_HAL_Driver/Src/stm32f1xx_hal_tim.o
 .debug_abbrev  0x00001cc3      0x282 ./Drivers/STM32F1xx_HAL_Driver/Src/stm32f1xx_hal_tim_ex.o

.debug_aranges  0x00000000      0xbf8
 .debug_aranges
                0x00000000       0x20 ./Core/Src/gpio.o
 .debug_aranges
                0x00000020       0x48 ./Core/Src/main.o
 .debug_aranges
                0x00000068       0x58 ./Core/Src/nrf24.o
 .debug_aranges
                0x000000c0       0x30 ./Core/Src/spi.o
 .debug_aranges
                0x000000f0       0x20 ./Core/Src/stm32f1xx_hal_msp.o
 .debug_aranges
                0x00000110       0x78 ./Core/Src/stm32f1xx_it.o
 .debug_aranges
                0x00000188       0x28 ./Core/Src/system_stm32f1xx.o
 .debug_aranges
                0x000001b0       0x50 ./Core/Src/tim.o
 .debug_aranges
                0x00000200       0x28 ./Core/Startup/startup_stm32f103c8tx.o
 .debug_aranges
                0x00000228       0xe0 ./Drivers/STM32F1xx_HAL_Driver/Src/stm32f1xx_hal.o
 .debug_aranges
                0x00000308      0x100 ./Drivers/STM32F1xx_HAL_Driver/Src/stm32f1xx_hal_cortex.o
 .debug_aranges
                0x00000408       0x58 ./Drivers/STM32F1xx_HAL_Driver/Src/stm32f1xx_hal_gpio.o
 .debug_aranges
                0x00000460       0x90 ./Drivers/STM32F1xx_HAL_Driver/Src/stm32f1xx_hal_rcc.o
 .debug_aranges
                0x000004f0      0x1d0 ./Drivers/STM32F1xx_HAL_Driver/Src/stm32f1xx_hal_spi.o
 .debug_aranges
                0x000006c0      0x3d0 ./Drivers/STM32F1xx_HAL_Driver/Src/stm32f1xx_hal_tim.o
 .debug_aranges
                0x00000a90      0x168 ./Drivers/STM32F1xx_HAL_Driver/Src/stm32f1xx_hal_tim_ex.o

.debug_rnglists
                0x00000000      0x932
 .debug_rnglists
                0x00000000       0x14 ./Core/Src/gpio.o
 .debug_rnglists
                0x00000014       0x35 ./Core/Src/main.o
 .debug_rnglists
                0x00000049       0x3e ./Core/Src/nrf24.o
 .debug_rnglists
                0x00000087       0x20 ./Core/Src/spi.o
 .debug_rnglists
                0x000000a7       0x13 ./Core/Src/stm32f1xx_hal_msp.o
 .debug_rnglists
                0x000000ba       0x55 ./Core/Src/stm32f1xx_it.o
 .debug_rnglists
                0x0000010f       0x1a ./Core/Src/system_stm32f1xx.o
 .debug_rnglists
                0x00000129       0x3a ./Core/Src/tim.o
 .debug_rnglists
                0x00000163       0x19 ./Core/Startup/startup_stm32f103c8tx.o
 .debug_rnglists
                0x0000017c       0xa3 ./Drivers/STM32F1xx_HAL_Driver/Src/stm32f1xx_hal.o
 .debug_rnglists
                0x0000021f       0xbb ./Drivers/STM32F1xx_HAL_Driver/Src/stm32f1xx_hal_cortex.o
 .debug_rnglists
                0x000002da       0x3f ./Drivers/STM32F1xx_HAL_Driver/Src/stm32f1xx_hal_gpio.o
 .debug_rnglists
                0x00000319       0x6c ./Drivers/STM32F1xx_HAL_Driver/Src/stm32f1xx_hal_rcc.o
 .debug_rnglists
                0x00000385      0x16e ./Drivers/STM32F1xx_HAL_Driver/Src/stm32f1xx_hal_spi.o
 .debug_rnglists
                0x000004f3      0x31a ./Drivers/STM32F1xx_HAL_Driver/Src/stm32f1xx_hal_tim.o
 .debug_rnglists
                0x0000080d      0x125 ./Drivers/STM32F1xx_HAL_Driver/Src/stm32f1xx_hal_tim_ex.o

.debug_macro    0x00000000    0x17435
 .debug_macro   0x00000000      0x1bc ./Core/Src/gpio.o
 .debug_macro   0x000001bc      0xacc ./Core/Src/gpio.o
 .debug_macro   0x00000c88      0x21b ./Core/Src/gpio.o
 .debug_macro   0x00000ea3       0x2e ./Core/Src/gpio.o
 .debug_macro   0x00000ed1       0x22 ./Core/Src/gpio.o
 .debug_macro   0x00000ef3       0x22 ./Core/Src/gpio.o
 .debug_macro   0x00000f15       0x8e ./Core/Src/gpio.o
 .debug_macro   0x00000fa3       0x51 ./Core/Src/gpio.o
 .debug_macro   0x00000ff4      0x103 ./Core/Src/gpio.o
 .debug_macro   0x000010f7       0x6a ./Core/Src/gpio.o
 .debug_macro   0x00001161      0x1df ./Core/Src/gpio.o
 .debug_macro   0x00001340       0x1c ./Core/Src/gpio.o
 .debug_macro   0x0000135c       0x22 ./Core/Src/gpio.o
 .debug_macro   0x0000137e       0xbd ./Core/Src/gpio.o
 .debug_macro   0x0000143b      0xd23 ./Core/Src/gpio.o
 .debug_macro   0x0000215e     0xe09e ./Core/Src/gpio.o
 .debug_macro   0x000101fc       0x6d ./Core/Src/gpio.o
 .debug_macro   0x00010269     0x34a2 ./Core/Src/gpio.o
 .debug_macro   0x0001370b      0x190 ./Core/Src/gpio.o
 .debug_macro   0x0001389b       0x5c ./Core/Src/gpio.o
 .debug_macro   0x000138f7      0x5bc ./Core/Src/gpio.o
 .debug_macro   0x00013eb3      0x289 ./Core/Src/gpio.o
 .debug_macro   0x0001413c      0x1cb ./Core/Src/gpio.o
 .debug_macro   0x00014307      0x114 ./Core/Src/gpio.o
 .debug_macro   0x0001441b      0x1b2 ./Core/Src/gpio.o
 .debug_macro   0x000145cd       0x27 ./Core/Src/gpio.o
 .debug_macro   0x000145f4      0x136 ./Core/Src/gpio.o
 .debug_macro   0x0001472a      0x1bc ./Core/Src/gpio.o
 .debug_macro   0x000148e6       0x34 ./Core/Src/gpio.o
 .debug_macro   0x0001491a       0x3c ./Core/Src/gpio.o
 .debug_macro   0x00014956       0x57 ./Core/Src/gpio.o
 .debug_macro   0x000149ad       0x87 ./Core/Src/gpio.o
 .debug_macro   0x00014a34      0x240 ./Core/Src/gpio.o
 .debug_macro   0x00014c74      0x140 ./Core/Src/gpio.o
 .debug_macro   0x00014db4      0x217 ./Core/Src/gpio.o
 .debug_macro   0x00014fcb      0x8ed ./Core/Src/gpio.o
 .debug_macro   0x000158b8       0x83 ./Core/Src/gpio.o
 .debug_macro   0x0001593b       0x2e ./Core/Src/gpio.o
 .debug_macro   0x00015969      0x1dd ./Core/Src/main.o
 .debug_macro   0x00015b46      0x12a ./Core/Src/main.o
 .debug_macro   0x00015c70      0x1c5 ./Core/Src/nrf24.o
 .debug_macro   0x00015e35       0x34 ./Core/Src/nrf24.o
 .debug_macro   0x00015e69      0x124 ./Core/Src/nrf24.o
 .debug_macro   0x00015f8d      0x1bc ./Core/Src/spi.o
 .debug_macro   0x00016149      0x1b2 ./Core/Src/stm32f1xx_hal_msp.o
 .debug_macro   0x000162fb      0x1bc ./Core/Src/stm32f1xx_it.o
 .debug_macro   0x000164b7      0x1a3 ./Core/Src/system_stm32f1xx.o
 .debug_macro   0x0001665a      0x1bc ./Core/Src/tim.o
 .debug_macro   0x00016816      0x1c7 ./Drivers/STM32F1xx_HAL_Driver/Src/stm32f1xx_hal.o
 .debug_macro   0x000169dd      0x1a3 ./Drivers/STM32F1xx_HAL_Driver/Src/stm32f1xx_hal_cortex.o
 .debug_macro   0x00016b80      0x20e ./Drivers/STM32F1xx_HAL_Driver/Src/stm32f1xx_hal_gpio.o
 .debug_macro   0x00016d8e      0x1b5 ./Drivers/STM32F1xx_HAL_Driver/Src/stm32f1xx_hal_rcc.o
 .debug_macro   0x00016f43      0x1ab ./Drivers/STM32F1xx_HAL_Driver/Src/stm32f1xx_hal_spi.o
 .debug_macro   0x000170ee      0x1a4 ./Drivers/STM32F1xx_HAL_Driver/Src/stm32f1xx_hal_tim.o
 .debug_macro   0x00017292      0x1a3 ./Drivers/STM32F1xx_HAL_Driver/Src/stm32f1xx_hal_tim_ex.o

.debug_line     0x00000000     0xd6f2
 .debug_line    0x00000000      0x716 ./Core/Src/gpio.o
 .debug_line    0x00000716      0x9df ./Core/Src/main.o
 .debug_line    0x000010f5      0x85a ./Core/Src/nrf24.o
 .debug_line    0x0000194f      0x777 ./Core/Src/spi.o
 .debug_line    0x000020c6      0x6fc ./Core/Src/stm32f1xx_hal_msp.o
 .debug_line    0x000027c2      0x7f2 ./Core/Src/stm32f1xx_it.o
 .debug_line    0x00002fb4      0x77a ./Core/Src/system_stm32f1xx.o
 .debug_line    0x0000372e      0x876 ./Core/Src/tim.o
 .debug_line    0x00003fa4       0x78 ./Core/Startup/startup_stm32f103c8tx.o
 .debug_line    0x0000401c      0x9ab ./Drivers/STM32F1xx_HAL_Driver/Src/stm32f1xx_hal.o
 .debug_line    0x000049c7      0xb75 ./Drivers/STM32F1xx_HAL_Driver/Src/stm32f1xx_hal_cortex.o
 .debug_line    0x0000553c      0xa08 ./Drivers/STM32F1xx_HAL_Driver/Src/stm32f1xx_hal_gpio.o
 .debug_line    0x00005f44      0xe64 ./Drivers/STM32F1xx_HAL_Driver/Src/stm32f1xx_hal_rcc.o
 .debug_line    0x00006da8     0x1c42 ./Drivers/STM32F1xx_HAL_Driver/Src/stm32f1xx_hal_spi.o
 .debug_line    0x000089ea     0x3499 ./Drivers/STM32F1xx_HAL_Driver/Src/stm32f1xx_hal_tim.o
 .debug_line    0x0000be83     0x186f ./Drivers/STM32F1xx_HAL_Driver/Src/stm32f1xx_hal_tim_ex.o

.debug_str      0x00000000    0x86514
 .debug_str     0x00000000    0x86514 ./Core/Src/gpio.o
                              0x833ad (size before relaxing)
 .debug_str     0x00086514    0x83c95 ./Core/Src/main.o
 .debug_str     0x00086514    0x8399a ./Core/Src/nrf24.o
 .debug_str     0x00086514    0x834b7 ./Core/Src/spi.o
 .debug_str     0x00086514    0x8302e ./Core/Src/stm32f1xx_hal_msp.o
 .debug_str     0x00086514    0x8358c ./Core/Src/stm32f1xx_it.o
 .debug_str     0x00086514    0x82fa0 ./Core/Src/system_stm32f1xx.o
 .debug_str     0x00086514    0x83aad ./Core/Src/tim.o
 .debug_str     0x00086514       0x88 ./Core/Startup/startup_stm32f103c8tx.o
 .debug_str     0x00086514    0x836d3 ./Drivers/STM32F1xx_HAL_Driver/Src/stm32f1xx_hal.o
 .debug_str     0x00086514    0x8361f ./Drivers/STM32F1xx_HAL_Driver/Src/stm32f1xx_hal_cortex.o
 .debug_str     0x00086514    0x83326 ./Drivers/STM32F1xx_HAL_Driver/Src/stm32f1xx_hal_gpio.o
 .debug_str     0x00086514    0x833cf ./Drivers/STM32F1xx_HAL_Driver/Src/stm32f1xx_hal_rcc.o
 .debug_str     0x00086514    0x838c6 ./Drivers/STM32F1xx_HAL_Driver/Src/stm32f1xx_hal_spi.o
 .debug_str     0x00086514    0x843d1 ./Drivers/STM32F1xx_HAL_Driver/Src/stm32f1xx_hal_tim.o
 .debug_str     0x00086514    0x83bdd ./Drivers/STM32F1xx_HAL_Driver/Src/stm32f1xx_hal_tim_ex.o

.comment        0x00000000       0x43
 .comment       0x00000000       0x43 ./Core/Src/gpio.o
                                 0x44 (size before relaxing)
 .comment       0x00000043       0x44 ./Core/Src/main.o
 .comment       0x00000043       0x44 ./Core/Src/nrf24.o
 .comment       0x00000043       0x44 ./Core/Src/spi.o
 .comment       0x00000043       0x44 ./Core/Src/stm32f1xx_hal_msp.o
 .comment       0x00000043       0x44 ./Core/Src/stm32f1xx_it.o
 .comment       0x00000043       0x44 ./Core/Src/system_stm32f1xx.o
 .comment       0x00000043       0x44 ./Core/Src/tim.o
 .comment       0x00000043       0x44 ./Drivers/STM32F1xx_HAL_Driver/Src/stm32f1xx_hal.o
 .comment       0x00000043       0x44 ./Drivers/STM32F1xx_HAL_Driver/Src/stm32f1xx_hal_cortex.o
 .comment       0x00000043       0x44 ./Drivers/STM32F1xx_HAL_Driver/Src/stm32f1xx_hal_gpio.o
 .comment       0x00000043       0x44 ./Drivers/STM32F1xx_HAL_Driver/Src/stm32f1xx_hal_rcc.o
 .comment       0x00000043       0x44 ./Drivers/STM32F1xx_HAL_Driver/Src/stm32f1xx_hal_spi.o
 .comment       0x00000043       0x44 ./Drivers/STM32F1xx_HAL_Driver/Src/stm32f1xx_hal_tim.o
 .comment       0x00000043       0x44 ./Drivers/STM32F1xx_HAL_Driver/Src/stm32f1xx_hal_tim_ex.o

.debug_frame    0x00000000     0x30b0
 .debug_frame   0x00000000       0x34 ./Core/Src/gpio.o
 .debug_frame   0x00000034       0xdc ./Core/Src/main.o
 .debug_frame   0x00000110      0x118 ./Core/Src/nrf24.o
 .debug_frame   0x00000228       0x74 ./Core/Src/spi.o
 .debug_frame   0x0000029c       0x38 ./Core/Src/stm32f1xx_hal_msp.o
 .debug_frame   0x000002d4      0x158 ./Core/Src/stm32f1xx_it.o
 .debug_frame   0x0000042c       0x58 ./Core/Src/system_stm32f1xx.o
 .debug_frame   0x00000484      0x10c ./Core/Src/tim.o
 .debug_frame   0x00000590      0x334 ./Drivers/STM32F1xx_HAL_Driver/Src/stm32f1xx_hal.o
 .debug_frame   0x000008c4      0x428 ./Drivers/STM32F1xx_HAL_Driver/Src/stm32f1xx_hal_cortex.o
 .debug_frame   0x00000cec      0x14c ./Drivers/STM32F1xx_HAL_Driver/Src/stm32f1xx_hal_gpio.o
 .debug_frame   0x00000e38      0x218 ./Drivers/STM32F1xx_HAL_Driver/Src/stm32f1xx_hal_rcc.o
 .debug_frame   0x00001050      0x824 ./Drivers/STM32F1xx_HAL_Driver/Src/stm32f1xx_hal_spi.o
 .debug_frame   0x00001874     0x11b8 ./Drivers/STM32F1xx_HAL_Driver/Src/stm32f1xx_hal_tim.o
 .debug_frame   0x00002a2c      0x638 ./Drivers/STM32F1xx_HAL_Driver/Src/stm32f1xx_hal_tim_ex.o
 .debug_frame   0x00003064       0x20 C:/ST/STM32CubeIDE_1.18.1/STM32CubeIDE/plugins/com.st.stm32cube.ide.mcu.externaltools.gnu-tools-for-stm32.13.3.rel1.win32_1.0.0.202411081344/tools/bin/../lib/gcc/arm-none-eabi/13.3.1/../../../../arm-none-eabi/lib/thumb/v7-m/nofp\libc_nano.a(libc_a-memset.o)
 .debug_frame   0x00003084       0x2c C:/ST/STM32CubeIDE_1.18.1/STM32CubeIDE/plugins/com.st.stm32cube.ide.mcu.externaltools.gnu-tools-for-stm32.13.3.rel1.win32_1.0.0.202411081344/tools/bin/../lib/gcc/arm-none-eabi/13.3.1/../../../../arm-none-eabi/lib/thumb/v7-m/nofp\libc_nano.a(libc_a-init.o)

.debug_line_str
                0x00000000       0x6c
 .debug_line_str
                0x00000000       0x6c ./Core/Startup/startup_stm32f103c8tx.o
